[    0.000000] Initializing cgroup subsys cpuset
[    0.000000] Initializing cgroup subsys cpu
[    0.000000] Initializing cgroup subsys cpuacct
[    0.000000] Linux version 4.4.0-210-generic (buildd@lgw01-amd64-009) (gcc version 5.4.0 20160609 (Ubuntu 5.4.0-6ubuntu1~16.04.12) ) #242-Ubuntu SMP Fri Apr 16 09:57:56 UTC 2021 (Ubuntu 4.4.0-210.242-generic 4.4.262)
[    0.000000] Command line: BOOT_IMAGE=/boot/vmlinuz-4.4.0-210-generic root=LABEL=cloudimg-rootfs ro console=tty1 console=ttyS0
[    0.000000] KERNEL supported cpus:
[    0.000000]   Intel GenuineIntel
[    0.000000]   AMD AuthenticAMD
[    0.000000]   Centaur CentaurHauls
[    0.000000] x86/fpu: xstate_offset[2]:  576, xstate_sizes[2]:  256
[    0.000000] x86/fpu: Supporting XSAVE feature 0x01: 'x87 floating point registers'
[    0.000000] x86/fpu: Supporting XSAVE feature 0x02: 'SSE registers'
[    0.000000] x86/fpu: Supporting XSAVE feature 0x04: 'AVX registers'
[    0.000000] x86/fpu: Enabled xstate features 0x7, context size is 832 bytes, using 'standard' format.
[    0.000000] e820: BIOS-provided physical RAM map:
[    0.000000] BIOS-e820: [mem 0x0000000000000000-0x000000000009fbff] usable
[    0.000000] BIOS-e820: [mem 0x000000000009fc00-0x000000000009ffff] reserved
[    0.000000] BIOS-e820: [mem 0x00000000000f0000-0x00000000000fffff] reserved
[    0.000000] BIOS-e820: [mem 0x0000000000100000-0x000000003ffeffff] usable
[    0.000000] BIOS-e820: [mem 0x000000003fff0000-0x000000003fffffff] ACPI data
[    0.000000] BIOS-e820: [mem 0x00000000fec00000-0x00000000fec00fff] reserved
[    0.000000] BIOS-e820: [mem 0x00000000fee00000-0x00000000fee00fff] reserved
[    0.000000] BIOS-e820: [mem 0x00000000fffc0000-0x00000000ffffffff] reserved
[    0.000000] NX (Execute Disable) protection: active
[    0.000000] SMBIOS 2.5 present.
[    0.000000] Hypervisor detected: KVM
[    0.000000] e820: last_pfn = 0x3fff0 max_arch_pfn = 0x400000000
[    0.000000] MTRR: Disabled
[    0.000000] x86/PAT: MTRRs disabled, skipping PAT initialization too.
[    0.000000] CPU MTRRs all blank - virtualized system.
[    0.000000] x86/PAT: Configuration [0-7]: WB  WT  UC- UC  WB  WT  UC- UC  
[    0.000000] found SMP MP-table at [mem 0x0009fff0-0x0009ffff] mapped at [ffff88000009fff0]
[    0.000000] Scanning 1 areas for low memory corruption
[    0.000000] RAMDISK: [mem 0x362dc000-0x37165fff]
[    0.000000] ACPI: Early table checksum verification disabled
[    0.000000] ACPI: RSDP 0x00000000000E0000 000024 (v02 VBOX  )
[    0.000000] ACPI: XSDT 0x000000003FFF0030 00003C (v01 VBOX   VBOXXSDT 00000001 ASL  00000061)
[    0.000000] ACPI: FACP 0x000000003FFF00F0 0000F4 (v04 VBOX   VBOXFACP 00000001 ASL  00000061)
[    0.000000] ACPI: DSDT 0x000000003FFF0470 002325 (v02 VBOX   VBOXBIOS 00000002 INTL 20200925)
[    0.000000] ACPI: FACS 0x000000003FFF0200 000040
[    0.000000] ACPI: FACS 0x000000003FFF0200 000040
[    0.000000] ACPI: APIC 0x000000003FFF0240 00005C (v02 VBOX   VBOXAPIC 00000001 ASL  00000061)
[    0.000000] ACPI: SSDT 0x000000003FFF02A0 0001CC (v01 VBOX   VBOXCPUT 00000002 INTL 20200925)
[    0.000000] No NUMA configuration found
[    0.000000] Faking a node at [mem 0x0000000000000000-0x000000003ffeffff]
[    0.000000] NODE_DATA(0) allocated [mem 0x3ffeb000-0x3ffeffff]
[    0.000000] kvm-clock: Using msrs 4b564d01 and 4b564d00
[    0.000000] kvm-clock: cpu 0, msr 0:3ffe3001, primary cpu clock
[    0.000000] kvm-clock: using sched offset of 2967737225 cycles
[    0.000000] clocksource: kvm-clock: mask: 0xffffffffffffffff max_cycles: 0x1cd42e4dffb, max_idle_ns: 881590591483 ns
[    0.000000] Zone ranges:
[    0.000000]   DMA      [mem 0x0000000000001000-0x0000000000ffffff]
[    0.000000]   DMA32    [mem 0x0000000001000000-0x000000003ffeffff]
[    0.000000]   Normal   empty
[    0.000000]   Device   empty
[    0.000000] Movable zone start for each node
[    0.000000] Early memory node ranges
[    0.000000]   node   0: [mem 0x0000000000001000-0x000000000009efff]
[    0.000000]   node   0: [mem 0x0000000000100000-0x000000003ffeffff]
[    0.000000] Initmem setup node 0 [mem 0x0000000000001000-0x000000003ffeffff]
[    0.000000] ACPI: PM-Timer IO Port: 0x4008
[    0.000000] IOAPIC[0]: apic_id 2, version 32, address 0xfec00000, GSI 0-23
[    0.000000] ACPI: INT_SRC_OVR (bus 0 bus_irq 0 global_irq 2 dfl dfl)
[    0.000000] ACPI: INT_SRC_OVR (bus 0 bus_irq 9 global_irq 9 low level)
[    0.000000] Using ACPI (MADT) for SMP configuration information
[    0.000000] smpboot: Allowing 2 CPUs, 0 hotplug CPUs
[    0.000000] PM: Registered nosave memory: [mem 0x00000000-0x00000fff]
[    0.000000] PM: Registered nosave memory: [mem 0x0009f000-0x0009ffff]
[    0.000000] PM: Registered nosave memory: [mem 0x000a0000-0x000effff]
[    0.000000] PM: Registered nosave memory: [mem 0x000f0000-0x000fffff]
[    0.000000] e820: [mem 0x40000000-0xfebfffff] available for PCI devices
[    0.000000] Booting paravirtualized kernel on KVM
[    0.000000] clocksource: refined-jiffies: mask: 0xffffffff max_cycles: 0xffffffff, max_idle_ns: 7645519600211568 ns
[    0.000000] setup_percpu: NR_CPUS:512 nr_cpumask_bits:512 nr_cpu_ids:2 nr_node_ids:1
[    0.000000] PERCPU: Embedded 33 pages/cpu @ffff88003fc00000 s95192 r8192 d31784 u1048576
[    0.000000] Built 1 zonelists in Node order, mobility grouping on.  Total pages: 257912
[    0.000000] Policy zone: DMA32
[    0.000000] Kernel command line: BOOT_IMAGE=/boot/vmlinuz-4.4.0-210-generic root=LABEL=cloudimg-rootfs ro console=tty1 console=ttyS0
[    0.000000] PID hash table entries: 4096 (order: 3, 32768 bytes)
[    0.000000] Memory: 997792K/1048120K available (8644K kernel code, 1332K rwdata, 4044K rodata, 1492K init, 1164K bss, 50328K reserved, 0K cma-reserved)
[    0.000000] SLUB: HWalign=64, Order=0-3, MinObjects=0, CPUs=2, Nodes=1
[    0.000000] Kernel/User page tables isolation: enabled
[    0.000000] Hierarchical RCU implementation.
[    0.000000] 	Build-time adjustment of leaf fanout to 64.
[    0.000000] 	RCU restricting CPUs from NR_CPUS=512 to nr_cpu_ids=2.
[    0.000000] RCU: Adjusting geometry for rcu_fanout_leaf=64, nr_cpu_ids=2
[    0.000000] NR_IRQS:33024 nr_irqs:440 16
[    0.000000] Console: colour VGA+ 80x25
[    0.000000] console [tty1] enabled
[    0.000000] console [ttyS0] enabled
[    0.000000] tsc: Detected 2495.998 MHz processor
[    0.097010] Calibrating delay loop (skipped) preset value.. 4991.99 BogoMIPS (lpj=9983992)
[    0.098205] pid_max: default: 32768 minimum: 301
[    0.098830] ACPI: Core revision 20150930
[    0.099981] ACPI: 2 ACPI AML tables successfully acquired and loaded
[    0.100945] Security Framework initialized
[    0.101553] Yama: becoming mindful.
[    0.102071] AppArmor: AppArmor initialized
[    0.102695] Dentry cache hash table entries: 131072 (order: 8, 1048576 bytes)
[    0.104158] Inode-cache hash table entries: 65536 (order: 7, 524288 bytes)
[    0.105186] Mount-cache hash table entries: 2048 (order: 2, 16384 bytes)
[    0.106039] Mountpoint-cache hash table entries: 2048 (order: 2, 16384 bytes)
[    0.107041] Initializing cgroup subsys io
[    0.107607] Initializing cgroup subsys memory
[    0.108205] Initializing cgroup subsys devices
[    0.108880] Initializing cgroup subsys freezer
[    0.109525] Initializing cgroup subsys net_cls
[    0.110133] Initializing cgroup subsys perf_event
[    0.110762] Initializing cgroup subsys net_prio
[    0.111375] Initializing cgroup subsys hugetlb
[    0.111979] Initializing cgroup subsys pids
[    0.119524] mce: CPU supports 0 MCE banks
[    0.120160] Last level iTLB entries: 4KB 64, 2MB 8, 4MB 8
[    0.120858] Last level dTLB entries: 4KB 64, 2MB 0, 4MB 0, 1GB 4
[    0.121656] Spectre V1 : Mitigation: usercopy/swapgs barriers and __user pointer sanitization
[    0.122793] Spectre V2 : Mitigation: Full generic retpoline
[    0.123505] Spectre V2 : Spectre v2 / SpectreRSB mitigation: Filling RSB on context switch
[    0.124654] Speculative Store Bypass: Vulnerable
[    0.125417] MDS: Mitigation: Clear CPU buffers
[    0.128040] Freeing SMP alternatives memory: 36K
[    0.133196] ftrace: allocating 32380 entries in 127 pages
[    0.178312] smpboot: APIC(0) Converting physical 0 to logical package 0
[    0.179199] smpboot: Max logical packages: 1
[    0.180011] x2apic enabled
[    0.180621] Switched APIC routing to physical x2apic.
[    0.182184] ..TIMER: vector=0x30 apic1=0 pin1=2 apic2=-1 pin2=-1
[    0.291007] smpboot: CPU0: Intel(R) Core(TM) i5-10300H CPU @ 2.50GHz (family: 0x6, model: 0xa5, stepping: 0x2)
[    0.292508] Performance Events: unsupported p6 CPU model 165 no PMU driver, software events only.
[    0.302051] KVM setup paravirtual spinlock
[    0.303240] x86: Booting SMP configuration:
[    0.303848] .... node  #0, CPUs:      #1
[    0.304480] kvm-clock: cpu 1, msr 0:3ffe3041, secondary cpu clock
[    0.312219] mce: CPU supports 0 MCE banks
[    0.314574] x86: Booted up 1 node, 2 CPUs
[    0.315427] smpboot: Total of 2 processors activated (9983.99 BogoMIPS)
[    0.316543] devtmpfs: initialized
[    0.318472] evm: security.selinux
[    0.318989] evm: security.SMACK64
[    0.319700] evm: security.SMACK64EXEC
[    0.320285] evm: security.SMACK64TRANSMUTE
[    0.320914] evm: security.SMACK64MMAP
[    0.321515] evm: security.ima
[    0.322064] evm: security.capability
[    0.322761] clocksource: jiffies: mask: 0xffffffff max_cycles: 0xffffffff, max_idle_ns: 7645041785100000 ns
[    0.324097] futex hash table entries: 512 (order: 3, 32768 bytes)
[    0.324967] pinctrl core: initialized pinctrl subsystem
[    0.325830] RTC time: 12:51:14, date: 04/11/23
[    0.326656] NET: Registered protocol family 16
[    0.339357] cpuidle: using governor ladder
[    0.351470] cpuidle: using governor menu
[    0.352048] PCCT header not found.
[    0.352625] ACPI: bus type PCI registered
[    0.353200] acpiphp: ACPI Hot Plug PCI Controller Driver version: 0.5
[    0.354122] PCI: Using configuration type 1 for base access
[    0.367427] ACPI: Added _OSI(Module Device)
[    0.368022] ACPI: Added _OSI(Processor Device)
[    0.368637] ACPI: Added _OSI(3.0 _SCP Extensions)
[    0.369272] ACPI: Added _OSI(Processor Aggregator Device)
[    0.370499] ACPI: Executed 1 blocks of module-level executable AML code
[    0.372765] ACPI: Interpreter enabled
[    0.373308] ACPI: (supports S0 S5)
[    0.373822] ACPI: Using IOAPIC for interrupt routing
[    0.374585] PCI: Using host bridge windows from ACPI; if necessary, use "pci=nocrs" and report a bug
[    0.378219] ACPI: PCI Root Bridge [PCI0] (domain 0000 [bus 00-ff])
[    0.379019] acpi PNP0A03:00: _OSC: OS supports [ASPM ClockPM Segments MSI]
[    0.380083] acpi PNP0A03:00: _OSC: not requesting OS control; OS requires [ExtendedConfig ASPM ClockPM MSI]
[    0.381363] acpi PNP0A03:00: fail to add MMCONFIG information, can't access extended PCI configuration space under this bridge.
[    0.383031] PCI host bridge to bus 0000:00
[    0.383615] pci_bus 0000:00: root bus resource [io  0x0000-0x0cf7 window]
[    0.384449] pci_bus 0000:00: root bus resource [io  0x0d00-0xffff window]
[    0.385284] pci_bus 0000:00: root bus resource [mem 0x000a0000-0x000bffff window]
[    0.386344] pci_bus 0000:00: root bus resource [mem 0x40000000-0xfdffffff window]
[    0.387410] pci_bus 0000:00: root bus resource [bus 00-ff]
[    0.389277] pci 0000:00:01.1: legacy IDE quirk: reg 0x10: [io  0x01f0-0x01f7]
[    0.390155] pci 0000:00:01.1: legacy IDE quirk: reg 0x14: [io  0x03f6]
[    0.390976] pci 0000:00:01.1: legacy IDE quirk: reg 0x18: [io  0x0170-0x0177]
[    0.391851] pci 0000:00:01.1: legacy IDE quirk: reg 0x1c: [io  0x0376]
[    0.407708] pci 0000:00:07.0: quirk: [io  0x4000-0x403f] claimed by PIIX4 ACPI
[    0.408736] pci 0000:00:07.0: quirk: [io  0x4100-0x410f] claimed by PIIX4 SMB
[    0.413999] ACPI: PCI Interrupt Link [LNKA] (IRQs 5 9 10 *11)
[    0.415136] ACPI: PCI Interrupt Link [LNKB] (IRQs 5 9 *10 11)
[    0.416165] ACPI: PCI Interrupt Link [LNKC] (IRQs 5 *9 10 11)
[    0.417185] ACPI: PCI Interrupt Link [LNKD] (IRQs 5 9 10 *11)
[    0.418312] ACPI: Enabled 2 GPEs in block 00 to 07
[    0.419195] vgaarb: setting as boot device: PCI:0000:00:02.0
[    0.419912] vgaarb: device added: PCI:0000:00:02.0,decodes=io+mem,owns=io+mem,locks=none
[    0.420998] vgaarb: loaded
[    0.421432] vgaarb: bridge control possible 0000:00:02.0
[    0.422308] SCSI subsystem initialized
[    0.422918] ACPI: bus type USB registered
[    0.423495] usbcore: registered new interface driver usbfs
[    0.424198] usbcore: registered new interface driver hub
[    0.424886] usbcore: registered new device driver usb
[    0.426206] PCI: Using ACPI for IRQ routing
[    0.427031] NetLabel: Initializing
[    0.427538] NetLabel:  domain hash size = 128
[    0.428130] NetLabel:  protocols = UNLABELED CIPSOv4
[    0.428787] NetLabel:  unlabeled traffic allowed by default
[    0.429754] amd_nb: Cannot enumerate AMD northbridges
[    0.430461] clocksource: Switched to clocksource kvm-clock
[    0.435778] AppArmor: AppArmor Filesystem Enabled
[    0.436511] pnp: PnP ACPI init
[    0.437507] pnp: PnP ACPI: found 3 devices
[    0.445662] clocksource: acpi_pm: mask: 0xffffff max_cycles: 0xffffff, max_idle_ns: 2085701024 ns
[    0.446899] NET: Registered protocol family 2
[    0.447644] TCP established hash table entries: 8192 (order: 4, 65536 bytes)
[    0.448523] TCP bind hash table entries: 8192 (order: 5, 131072 bytes)
[    0.449394] TCP: Hash tables configured (established 8192 bind 8192)
[    0.450211] UDP hash table entries: 512 (order: 2, 16384 bytes)
[    0.450987] UDP-Lite hash table entries: 512 (order: 2, 16384 bytes)
[    0.451834] NET: Registered protocol family 1
[    0.452455] pci 0000:00:00.0: Limiting direct PCI/PCI transfers
[    0.453230] pci 0000:00:01.0: Activating ISA DMA hang workarounds
[    0.454119] Unpacking initramfs...
[    0.615423] Freeing initrd memory: 14888K
[    0.616276] clocksource: tsc: mask: 0xffffffffffffffff max_cycles: 0x23fa754787d, max_idle_ns: 440795210092 ns
[    0.617623] platform rtc_cmos: registered platform RTC device (no PNP device found)
[    0.618715] Scanning for low memory corruption every 60 seconds
[    0.619817] audit: initializing netlink subsys (disabled)
[    0.620536] audit: type=2000 audit(1681217478.940:1): initialized
[    0.621505] Initialise system trusted keyring
[    0.622272] HugeTLB registered 2 MB page size, pre-allocated 0 pages
[    0.623957] zbud: loaded
[    0.624709] VFS: Disk quotas dquot_6.6.0
[    0.625297] VFS: Dquot-cache hash table entries: 512 (order 0, 4096 bytes)
[    0.626329] squashfs: version 4.0 (2009/01/31) Phillip Lougher
[    0.627361] fuse init (API version 7.23)
[    0.628010] Key type big_key registered
[    0.628580] Allocating IMA MOK and blacklist keyrings.
[    0.629733] Key type asymmetric registered
[    0.630317] Asymmetric key parser 'x509' registered
[    0.631022] Block layer SCSI generic (bsg) driver version 0.4 loaded (major 249)
[    0.632144] io scheduler noop registered
[    0.632708] io scheduler deadline registered (default)
[    0.633406] io scheduler cfq registered
[    0.634027] pci_hotplug: PCI Hot Plug PCI Core version: 0.5
[    0.634798] pciehp: PCI Express Hot Plug Controller Driver version: 0.4
[    0.635712] ACPI: AC Adapter [AC] (on-line)
[    0.636332] input: Power Button as /devices/LNXSYSTM:00/LNXPWRBN:00/input/input0
[    0.637369] ACPI: Power Button [PWRF]
[    0.637953] input: Sleep Button as /devices/LNXSYSTM:00/LNXSLPBN:00/input/input1
[    0.639019] ACPI: Sleep Button [SLPF]
[    0.639704] GHES: HEST is not enabled!
[    0.640680] ACPI: Battery Slot [BAT0] (battery present)
[    0.641388] Serial: 8250/16550 driver, 32 ports, IRQ sharing enabled
[    0.662539] 00:02: ttyS0 at I/O 0x3f8 (irq = 4, base_baud = 115200) is a 16550A
[    0.664521] Linux agpgart interface v0.103
[    0.666177] loop: module loaded
[    0.667041] scsi host0: ata_piix
[    0.667651] scsi host1: ata_piix
[    0.668168] ata1: PATA max UDMA/33 cmd 0x1f0 ctl 0x3f6 bmdma 0xd000 irq 14
[    0.669018] ata2: PATA max UDMA/33 cmd 0x170 ctl 0x376 bmdma 0xd008 irq 15
[    0.669924] libphy: Fixed MDIO Bus: probed
[    0.670541] tun: Universal TUN/TAP device driver, 1.6
[    0.671257] tun: (C) 1999-2004 Max Krasnyansky <maxk@qualcomm.com>
[    0.672066] PPP generic driver version 2.4.2
[    0.672697] ehci_hcd: USB 2.0 'Enhanced' Host Controller (EHCI) Driver
[    0.673521] ehci-pci: EHCI PCI platform driver
[    0.674142] ehci-platform: EHCI generic platform driver
[    0.674849] ohci_hcd: USB 1.1 'Open' Host Controller (OHCI) Driver
[    0.675634] ohci-pci: OHCI PCI platform driver
[    0.676249] ohci-platform: OHCI generic platform driver
[    0.676943] uhci_hcd: USB Universal Host Controller Interface driver
[    0.677784] i8042: PNP: PS/2 Controller [PNP0303:PS2K,PNP0f03:PS2M] at 0x60,0x64 irq 1,12
[    0.679328] serio: i8042 KBD port at 0x60,0x64 irq 1
[    0.679995] serio: i8042 AUX port at 0x60,0x64 irq 12
[    0.680727] mousedev: PS/2 mouse device common for all mice
[    0.681716] rtc_cmos rtc_cmos: rtc core: registered rtc_cmos as rtc0
[    0.682651] rtc_cmos rtc_cmos: alarms up to one day, 114 bytes nvram
[    0.683469] i2c /dev entries driver
[    0.684046] device-mapper: uevent: version 1.0.3
[    0.684713] input: AT Translated Set 2 keyboard as /devices/platform/i8042/serio0/input/input2
[    0.685948] device-mapper: ioctl: 4.34.0-ioctl (2015-10-28) initialised: dm-devel@redhat.com
[    0.687205] ledtrig-cpu: registered to indicate activity on CPUs
[    0.688244] NET: Registered protocol family 10
[    0.689056] NET: Registered protocol family 17
[    0.689735] Key type dns_resolver registered
[    0.690473] registered taskstats version 1
[    0.691083] Loading compiled-in X.509 certificates
[    0.692123] Loaded X.509 cert 'Build time autogenerated kernel key: cf00e047681d67edb2720680708b7d9498083038'
[    0.693426] zswap: loaded using pool lzo/zbud
[    0.695262] Key type trusted registered
[    0.697842] Key type encrypted registered
[    0.698422] AppArmor: AppArmor sha1 policy hashing enabled
[    0.699163] ima: No TPM chip found, activating TPM-bypass!
[    0.699878] ima: Allocated hash algorithm: sha1
[    0.700510] evm: HMAC attrs: 0x1
[    0.701247]   Magic number: 3:425:885
[    0.701923] rtc_cmos rtc_cmos: setting system clock to 2023-04-11 12:51:14 UTC (1681217474)
[    0.703245] BIOS EDD facility v0.16 2004-Jun-25, 0 devices found
[    0.704008] EDD information not available.
[    0.961285] Freeing unused kernel memory: 1492K
[    0.962004] Write protecting the kernel read-only data: 14336k
[    0.963213] Freeing unused kernel memory: 1584K
[    0.964021] Freeing unused kernel memory: 52K
Loading, please wait...
starting version 229
[    0.973900] random: systemd-udevd: uninitialized urandom read (16 bytes read, 3 bits of entropy available)
[    0.974251] random: udevadm: uninitialized urandom read (16 bytes read, 3 bits of entropy available)
[    0.974269] random: udevadm: uninitialized urandom read (16 bytes read, 3 bits of entropy available)
[    0.978313] random: systemd-udevd: uninitialized urandom read (16 bytes read, 3 bits of entropy available)
[    0.979831] random: udevadm: uninitialized urandom read (16 bytes read, 3 bits of entropy available)
[    0.979865] random: udevadm: uninitialized urandom read (16 bytes read, 3 bits of entropy available)
[    0.979962] random: udevadm: uninitialized urandom read (16 bytes read, 3 bits of entropy available)
[    0.980001] random: udevadm: uninitialized urandom read (16 bytes read, 3 bits of entropy available)
[    0.980038] random: udevadm: uninitialized urandom read (16 bytes read, 3 bits of entropy available)
[    0.980075] random: udevadm: uninitialized urandom read (16 bytes read, 3 bits of entropy available)
[    1.010431] e1000: Intel(R) PRO/1000 Network Driver - version 7.3.21-k8-NAPI
[    1.011354] e1000: Copyright (c) 1999-2006 Intel Corporation.
[    1.012609] Fusion MPT base driver 3.04.20
[    1.013300] Copyright (c) 1999-2008 LSI Corporation
[    1.016585] Fusion MPT SPI Host driver 3.04.20
[    1.037158] AVX2 version of gcm_enc/dec engaged.
[    1.037955] AES CTR mode by8 optimization enabled
[    1.216304] input: ImExPS/2 Generic Explorer Mouse as /devices/platform/i8042/serio1/input/input4
[    1.365493] e1000 0000:00:03.0 eth0: (PCI:33MHz:32-bit) 02:be:82:6b:cc:1d
[    1.366405] e1000 0000:00:03.0 eth0: Intel(R) PRO/1000 Network Connection
[    1.367739] mptbase: ioc0: Initiating bringup
[    1.980172] ioc0: LSI53C1030 A0: Capabilities={Initiator}
[    4.027308] scsi host2: ioc0: LSI53C1030 A0, FwRev=00000000h, Ports=1, MaxQ=256, IRQ=20
[    5.020345] scsi 2:0:0:0: Direct-Access     VBOX     HARDDISK         1.0  PQ: 0 ANSI: 5
[    5.026502] scsi target2:0:0: Beginning Domain Validation
[    5.028328] scsi target2:0:0: Domain Validation skipping write tests
[    5.029152] scsi target2:0:0: Ending Domain Validation
[    5.029887] scsi target2:0:0: asynchronous
[    5.030865] scsi 2:0:1:0: Direct-Access     VBOX     HARDDISK         1.0  PQ: 0 ANSI: 5
[    5.032032] scsi target2:0:1: Beginning Domain Validation
[    5.033481] scsi target2:0:1: Domain Validation skipping write tests
[    5.034313] scsi target2:0:1: Ending Domain Validation
[    5.035813] scsi target2:0:1: asynchronous
[    5.040082] sd 2:0:0:0: [sda] 83886080 512-byte logical blocks: (42.9 GB/40.0 GiB)
[    5.040258] sd 2:0:0:0: Attached scsi generic sg0 type 0
[    5.040362] sd 2:0:1:0: Attached scsi generic sg1 type 0
[    5.050092] sd 2:0:0:0: [sda] Write Protect is off
[    5.050862] sd 2:0:0:0: [sda] Incomplete mode parameter data
[    5.051622] sd 2:0:0:0: [sda] Assuming drive cache: write through
[    5.052835] sd 2:0:1:0: [sdb] 20480 512-byte logical blocks: (10.5 MB/10.0 MiB)
[    5.055525]  sda: sda1
[    5.058045] sd 2:0:1:0: [sdb] Write Protect is off
[    5.058959] sd 2:0:1:0: [sdb] Incomplete mode parameter data
[    5.059770] sd 2:0:1:0: [sdb] Assuming drive cache: write through
[    5.061152] sd 2:0:0:0: [sda] Attached SCSI disk
[    5.062631] sd 2:0:1:0: [sdb] Attached SCSI disk
[    5.625138] e1000 0000:00:08.0 eth1: (PCI:33MHz:32-bit) 08:00:27:da:92:f4
[    5.626042] e1000 0000:00:08.0 eth1: Intel(R) PRO/1000 Network Connection
[    5.627589] e1000 0000:00:03.0 enp0s3: renamed from eth0
[    5.638668] e1000 0000:00:08.0 enp0s8: renamed from eth1
Begin: Loading essential drivers ... [    6.899304] md: linear personality registered for level -1
[    6.901773] md: multipath personality registered for level -4
[    6.904147] md: raid0 personality registered for level 0
[    6.907248] md: raid1 personality registered for level 1
[    6.990189] raid6: sse2x1   gen() 13045 MB/s
[    7.062867] raid6: sse2x1   xor()  9519 MB/s
[    7.130490] raid6: sse2x2   gen() 18841 MB/s
[    7.203725] raid6: sse2x2   xor() 10342 MB/s
[    7.274262] raid6: sse2x4   gen() 20773 MB/s
[    7.342693] raid6: sse2x4   xor() 12187 MB/s
[    7.414255] raid6: avx2x1   gen() 28326 MB/s
[    7.494586] raid6: avx2x2   gen() 40910 MB/s
[    7.562724] raid6: avx2x4   gen() 36783 MB/s
[    7.563388] raid6: using algorithm avx2x2 gen() 40910 MB/s
[    7.564146] raid6: using avx2x2 recovery algorithm
[    7.565564] xor: automatically using best checksumming function:
[    7.602498]    avx       : 28670.000 MB/sec
[    7.603763] async_tx: api initialized (async)
[    7.609881] md: raid6 personality registered for level 6
[    7.610653] md: raid5 personality registered for level 5
[    7.611362] md: raid4 personality registered for level 4
[    7.615991] md: raid10 personality registered for level 10
done.
Begin: Running /scripts/init-premount ... done.
Begin: Mounting root file system ... Begin: Running /scripts/local-top ... done.
Begin: Running /scripts/local-premount ... [    7.638741] Btrfs loaded
Scanning for Btrfs filesystems
done.
Warning: fsck not present, so skipping root file system
[    7.658069] EXT4-fs (sda1): mounted filesystem with ordered data mode. Opts: (null)
done.
Begin: Running /scripts/local-bottom ... done.
Begin: Running /scripts/init-bottom ... done.
[    7.712372] systemd[1]: systemd 229 running in system mode. (+PAM +AUDIT +SELINUX +IMA +APPARMOR +SMACK +SYSVINIT +UTMP +LIBCRYPTSETUP +GCRYPT +GNUTLS +ACL +XZ -LZ4 +SECCOMP +BLKID +ELFUTILS +KMOD -IDN)
[    7.715047] systemd[1]: Detected virtualization oracle.
[    7.715921] systemd[1]: Detected architecture x86-64.

Welcome to [1mUbuntu 16.04.7 LTS[0m!

[    7.718097] systemd[1]: Set hostname to <ubuntu>.
[    7.719873] systemd[1]: Initializing machine ID from random generator.
[    7.720958] systemd[1]: Installed transient /etc/machine-id file.
[    7.793355] systemd[1]: Created slice User and Session Slice.
[[0;32m  OK  [0m] Created slice User and Session Slice.
[    7.794822] systemd[1]: Listening on Journal Audit Socket.
[[0;32m  OK  [0m] Listening on Journal Audit Socket.
[    7.796175] systemd[1]: Listening on /dev/initctl Compatibility Named Pipe.
[[0;32m  OK  [0m] Listening on /dev/initctl Compatibility Named Pipe.
[    7.797757] systemd[1]: Started Forward Password Requests to Wall Directory Watch.
[[0;32m  OK  [0m] Started Forward Password Requests to Wall Directory Watch.
[    7.799579] systemd[1]: Reached target System Time Synchronized.
[[0;32m  OK  [0m] Reached target System Time Synchronized.
[    7.800946] systemd[1]: Started Trigger resolvconf update for networkd DNS.
[[0;32m  OK  [0m] Started Trigger resolvconf update for networkd DNS.
[    7.802583] systemd[1]: Set up automount Arbitrary Executable File Formats File System Automount Point.
[[0;32m  OK  [0m] Set up automount Arbitrary Executab...ats File System Automount Point.
[    7.804633] systemd[1]: Listening on Journal Socket.
[[0;32m  OK  [0m] Listening on Journal Socket.
[    7.805825] systemd[1]: Listening on LVM2 poll daemon socket.
[[0;32m  OK  [0m] Listening on LVM2 poll daemon socket.
[    7.807158] systemd[1]: Listening on Journal Socket (/dev/log).
[[0;32m  OK  [0m] Listening on Journal Socket (/dev/log).
[    7.808482] systemd[1]: Reached target Swap.
[[0;32m  OK  [0m] Reached target Swap.
[    7.809557] systemd[1]: Listening on Device-mapper event daemon FIFOs.
[[0;32m  OK  [0m] Listening on Device-mapper event daemon FIFOs.
[    7.811022] systemd[1]: Reached target Encrypted Volumes.
[[0;32m  OK  [0m] Reached target Encrypted Volumes.
[    7.812279] systemd[1]: Listening on Syslog Socket.
[[0;32m  OK  [0m] Listening on Syslog Socket.
[    7.813445] systemd[1]: Listening on fsck to fsckd communication Socket.
[[0;32m  OK  [0m] Listening on fsck to fsckd communication Socket.
[    7.814946] systemd[1]: Listening on udev Control Socket.
[[0;32m  OK  [0m] Listening on udev Control Socket.
[    7.816357] systemd[1]: Created slice System Slice.
[[0;32m  OK  [0m] Created slice System Slice.
[    7.830754] systemd[1]: Starting Set console keymap...
         Starting Set console keymap...
[    7.833493] systemd[1]: Starting Load Kernel Modules...
         Starting Load Kernel Modules...
[    7.835802] systemd[1]: Starting Journal Service...
         Starting Journal Service...
[    7.838968] Loading iSCSI transport class v2.0-870.
[    7.842125] systemd[1]: Created slice system-serial\x2dgetty.slice.
[[0;32m  OK  [0m] Created slice system-serial\x2dgetty.slice.
[    7.844161] systemd[1]: Starting Uncomplicated firewall...
         Starting Uncomplicated firewall...
[    7.847009] systemd[1]: Mounting Huge Pages File System...
         Mounting Huge Pages File System...
[    7.848726] systemd[1]: Starting Nameserver information manager...
         Starting Nameserver information manager...
[    7.850240] systemd[1]: Reached target Slices.
[[0;32m  OK  [0m] Reached target Slices.
[    7.855014] systemd[1]: Starting File System Check on Root Device...
         Starting File System Check on Root Device...
[    7.856885] systemd[1]: Listening on LVM2 metadata daemon socket.
[    7.856952] iscsi: registered transport (tcp)
[[0;32m  OK  [0m] Listening on LVM2 metadata daemon socket.
[    7.858858] systemd[1]: Starting Monitoring of LVM2 mirrors, snapshots etc. using dmeventd or progress polling...
         Starting Monitoring of LVM2 mirrors... dmeventd or progress polling...
[    7.860716] systemd[1]: Mounting Debug File System...
         Mountin[    7.861461] systemd[1]: Reached target User and Group Name Lookups.
g Debug File System...
[[0;32m  OK  [0m] Reached target User and Group Name Lookups.
[    7.863209] systemd[1]: Mounting POSIX Message Queue File System...
         Mounting POSIX Message Queue File System...
[    7.864494] systemd[1]: Starting Create list of required static device nodes for the current kernel...
         Startin[    7.865898] systemd[1]: Listening on udev Kernel Socket.
g Create list of required st... nodes for the current kernel...
[[0;32m  OK  [0m] Listening on udev Kernel Socket.
[    7.870419] systemd[1]: Mounted Huge Pages File System.
[[0;32m  OK  [0m] Mounted Huge Pages File System.
[    7.871760] systemd[1]: Mounted POSIX Message Queue File System.
[[0;32m  OK  [0m] Mounted POSIX Message Queue File System.
[    7.873130] systemd[1]: Mounted Debug File System.
[[0;32m  OK  [0m] Mounted Debug File System.
[    7.874439] systemd[1]: Started Journal Service.
[[0;32m  OK  [0m] Started Journal Service.
[[0;32m  OK  [0m] Started Uncomplicated firewall.
[[0;32m  OK  [0m] Started File System Check on Root Device.
[[0;32m  OK  [0m] Started Create list of required sta...ce nodes for the current kernel.
[[0;32m  OK  [0m] Started Nameserver information manager.
[[0;32m  OK  [0m] Started File System Check Daemon to report status.
         Starting Create Static Device Nodes in /dev...
         Starting Remount Root and Kernel File Systems...
[    7.889305] EXT4-fs (sda1): re-mounted. Opts: (null)
[[0;32m  OK  [0m] Started Remount Root and Kernel File Systems.
         Starting Load/Save Random Seed...
         Starting Flush Journal to Persistent Storage...
         Starting udev Coldplug all Devices...
[[0;32m  OK  [0m] Started LVM2 metadata daemon.
[[0;32m  OK  [0m] Started Create Static Device Nodes in /dev.
         Starting udev Kernel Device Manager...
[[0;32m  OK  [0m] Started Load/Save Random Seed.
[[0;32m  OK  [0m] Started Set console keymap.
[    7.912798] systemd-journald[373]: Received request to flush runtime journal from PID 1
[[0;32m  OK  [0m] Started Flush Journal to Persistent Storage.
[    7.925492] iscsi: registered transport (iser)
[[0;32m  OK  [0m] Started Load Kernel Modules.
         Mounting FUSE Control File System...
         Starting Apply Kernel Variables...
[[0;32m  OK  [0m] Mounted FUSE Control File System.
[[0;32m  OK  [0m] Started udev Kernel Device Manager.
[[0;32m  OK  [0m] Started Apply Kernel Variables.
[[0;32m  OK  [0m] Started udev Coldplug all Devices.
[[0;32m  OK  [0m] Started Dispatch Password Requests to Console Directory Watch.
[[0;32m  OK  [0m] Found device /dev/ttyS0.
[[0;32m  OK  [0m] Listening on Load/Save RF Kill Switch Status /dev/rfkill Watch.
[[0;32m  OK  [0m] Started Monitoring of LVM2 mirrors,...ng dmeventd or progress polling.
[[0;32m  OK  [0m] Reached target Local File Systems (Pre).
[[0;32m  OK  [0m] Reached target Local File Systems.
         Starting Create Volatile Files and Directories...
         Starting LSB: AppArmor initialization...
         Starting Initial cloud-init job (pre-networking)...
         Starting Tell Plymouth To Write Out Runtime Data...
         Starting Set console font and keymap...
         Starting Commit a transient machine-id on disk...
[[0;32m  OK  [0m] Started Create Volatile Files and Directories.
[[0;32m  OK  [0m] Started Tell Plymouth To Write Out Runtime Data.
         Starting Update UTMP about System Boot/Shutdown...
[[0;32m  OK  [0m] Started Update UTMP about System Boot/Shutdown.
[[0;32m  OK  [0m] Started Commit a transient machine-id on disk.
[[0;32m  OK  [0m] Started Set console font and keymap.
[[0;32m  OK  [0m] Created slice system-getty.slice.
[[0;32m  OK  [0m] Started LSB: AppArmor initialization.
         Starting Load AppArmor profiles managed internally by snapd...
[[0;32m  OK  [0m] Started Load AppArmor profiles managed internally by snapd.
[    8.919250] cloud-init[621]: Cloud-init v. 21.1-19-gbad84ad4-0ubuntu1~16.04.2 running 'init-local' at Tue, 11 Apr 2023 12:51:22 +0000. Up 8.65 seconds.
[[0;32m  OK  [0m] Started Initial cloud-init job (pre-networking).
[[0;32m  OK  [0m] Reached target Network (Pre).
         Starting Raise network interfaces...
[[0;32m  OK  [0m] Started Raise network interfaces.
         Starting Initial cloud-init job (metadata service crawler)...
[[0;32m  OK  [0m] Reached target Network.
[    9.753881] cloud-init[956]: Cloud-init v. 21.1-19-gbad84ad4-0ubuntu1~16.04.2 running 'init' at Tue, 11 Apr 2023 12:51:23 +0000. Up 9.31 seconds.
[    9.755091] cloud-init[956]: ci-info: ++++++++++++++++++++++++++++++++++++++Net device info+++++++++++++++++++++++++++++++++++++++
[    9.756198] cloud-init[956]: ci-info: +--------+-------+----------------------------+---------------+--------+-------------------+
[    9.757278] cloud-init[956]: ci-info: | Device |   Up  |          Address           |      Mask     | Scope  |     Hw-Address    |
[    9.758354] cloud-init[956]: ci-info: +--------+-------+----------------------------+---------------+--------+-------------------+
[    9.759441] cloud-init[956]: ci-info: | enp0s3 |  True |         10.0.2.15          | 255.255.255.0 | global | 02:be:82:6b:cc:1d |
[    9.760587] cloud-init[956]: ci-info: | enp0s3 |  True | fe80::be:82ff:fe6b:cc1d/64 |       .       |  link  | 02:be:82:6b:cc:1d |
[    9.761665] cloud-init[956]: ci-info: | enp0s8 | False |             .              |       .       |   .    | 08:00:27:da:92:f4 |
[    9.762722] cloud-init[956]: ci-info: |   lo   |  True |         127.0.0.1          |   255.0.0.0   |  host  |         .         |
[    9.763781] cloud-init[956]: ci-info: |   lo   |  True |          ::1/128           |       .       |  host  |         .         |
[    9.764878] cloud-init[956]: ci-info: +--------+-------+----------------------------+---------------+--------+-------------------+
[    9.766076] cloud-init[956]: ci-info: +++++++++++++++++++++++++++Route IPv4 info++++++++++++++++++++++++++++
[    9.766993] cloud-init[956]: ci-info: +-------+-------------+----------+---------------+-----------+-------+
[    9.767905] cloud-init[956]: ci-info: | Route | Destination | Gateway  |    Genmask    | Interface | Flags |
[    9.768856] cloud-init[956]: ci-info: +-------+-------------+----------+---------------+-----------+-------+
[    9.769759] cloud-init[956]: ci-info: |   0   |   0.0.0.0   | 10.0.2.2 |    0.0.0.0    |   enp0s3  |   UG  |
[    9.770705] cloud-init[956]: ci-info: |   1   |   10.0.2.0  | 0.0.0.0  | 255.255.255.0 |   enp0s3  |   U   |
[    9.771612] cloud-init[956]: ci-info: +-------+-------------+----------+---------------+-----------+-------+
[    9.772576] cloud-init[956]: ci-info: +++++++++++++++++++Route IPv6 info+++++++++++++++++++
[    9.773379] cloud-init[956]: ci-info: +-------+-------------+---------+-----------+-------+
[    9.774180] cloud-init[956]: ci-info: | Route | Destination | Gateway | Interface | Flags |
[    9.774981] cloud-init[956]: ci-info: +-------+-------------+---------+-----------+-------+
[    9.775782] cloud-init[956]: ci-info: |   0   |  fe80::/64  |    ::   |   enp0s3  |   U   |
[    9.776644] cloud-init[956]: ci-info: |   3   |   ff00::/8  |    ::   |   enp0s3  |   U   |
[    9.777447] cloud-init[956]: ci-info: +-------+-------------+---------+-----------+-------+
[    9.778249] cloud-init[956]: Generating public/private rsa key pair.
[    9.778955] cloud-init[956]: Your identification has been saved in /etc/ssh/ssh_host_rsa_key.
[    9.779778] cloud-init[956]: Your public key has been saved in /etc/ssh/ssh_host_rsa_key.pub.
[    9.780658] cloud-init[956]: The key fingerprint is:
[    9.781240] cloud-init[956]: SHA256:oRhHZq2hcMOC1YCAxzWjE7EGzwsqpRMxRQ7RQi9q7ho root@ubuntu-xenial
[    9.782085] cloud-init[956]: The key's randomart image is:
[    9.782700] cloud-init[956]: +---[RSA 2048]----+
[    9.783256] cloud-init[956]: |@@B*+ +.         |
[    9.788238] cloud-init[956]: |=OB+=*. .        |
[    9.788835] cloud-init[956]: |o+X=.o.o.        |
[    9.789393] cloud-init[956]: |o*.o.+.. .       |
[    9.790003] cloud-init[956]: |*.. . . S        |
[    9.790561] cloud-init[956]: |+.               |
[    9.791119] cloud-init[956]: |E.               |
[    9.791676] cloud-init[956]: |..               |
[    9.792242] cloud-init[956]: |o.               |
[    9.792848] cloud-init[956]: +----[SHA256]-----+
[    9.793405] cloud-init[956]: Generating public/private dsa key pair.
[    9.794136] cloud-init[956]: Your identification has been saved in /etc/ssh/ssh_host_dsa_key.
[    9.794923] cloud-init[956]: Your public key has been saved in /etc/ssh/ssh_host_dsa_key.pub.
[    9.795763] cloud-init[956]: The key fingerprint is:
[    9.796375] cloud-init[956]: SHA256:FoYmJRnvES5qa/I1EYRQDWutKM/uICzklMXaMEOyuOA root@ubuntu-xenial
[    9.797244] cloud-init[956]: The key's randomart image is:
[    9.797866] cloud-init[956]: +---[DSA 1024]----+
[    9.798432] cloud-init[956]: |o+o++oo          |
[    9.798995] cloud-init[956]: |+.o+o= o         |
[    9.799562] cloud-init[956]: |++oo= * o        |
[    9.800157] cloud-init[956]: |o+Oo * o .       |
[    9.800738] cloud-init[956]: |+E+.. . S        |
[    9.801307] cloud-init[956]: |*+ . . .         |
[    9.801868] cloud-init[956]: |=o= o            |
[    9.802435] cloud-init[956]: |o* . .           |
[    9.803005] cloud-init[956]: | .+              |
[    9.803573] cloud-init[956]: +----[SHA256]-----+
[    9.804178] cloud-init[956]: Generating public/private ecdsa key pair.
[    9.804967] cloud-init[956]: Your identification has been saved in /etc/ssh/ssh_host_ecdsa_key.
[    9.806061] cloud-init[956]: Your public key has been saved in /etc/ssh/ssh_host_ecdsa_key.pub.
[    9.807216] cloud-init[956]: The key fingerprint is:
[    9.808055] cloud-init[956]: SHA256:AqnQQXP6+eWXAkJQ0t2cO9ViLB/LxLU4WZ6rFVDP4To root@ubuntu-xenial
[    9.809065] cloud-init[956]: The key's randomart image is:
[    9.809691] cloud-init[956]: +---[ECDSA 256]---+
[    9.810262] cloud-init[956]: | .*oo. o +.++ .  |
[    9.810832] cloud-init[956]: | . B... = O*.* . |
[    9.811402] cloud-init[956]: |. o +    O++= +  |
[    9.811972] cloud-init[956]: | . + o  o +. +   |
[    9.812570] cloud-init[956]: |  . + o S.  E    |
[    9.813187] cloud-init[956]: |     o =   + .   |
[    9.813784] cloud-init[956]: |      . o +      |
[    9.814410] cloud-init[956]: |         o       |
[    9.815003] cloud-init[956]: |                 |
[    9.815568] cloud-init[956]: +----[SHA256]-----+
[    9.816174] cloud-init[956]: Generating public/private ed25519 key pair.
[    9.816894] cloud-init[956]: Your identification has been saved in /etc/ssh/ssh_host_ed25519_key.
[    9.817731] cloud-init[956]: Your public key has been saved in /etc/ssh/ssh_host_ed25519_key.pub.
[[0;32m  OK  [0m] Started Initial cloud-init job (metadata service crawler).
[[0;32m  OK  [0m] Reached target Network is Online.
[    9.818566] cloud-init[956]: The key fingerprint is:
[    9.820800] cloud-init[956]: SHA256:ryQLRv7YT5lYEZtPxTXoaDDit2ee4ptrQFHhSYM22X0 root@ubuntu-xenial
[    9.821694] cloud-init[956]: The key's randomart image is:
[    9.822364] cloud-init[956]: +--[ED25519 256]--+
[    9.822988] cloud-init[956]: |       =*o ..oo  |
[    9.823598] cloud-init[956]: |      Bo+*..E  . |
         Starting iSCSI initiator daemon (iscsid)...
[    9.836909] [[0;32m  OK  [0m] Reached target Cloud-config availability.
[[0;32m  OK  [0m] Reached target System Initialization.
[[0;32m  OK  [0m] Started Ubuntu Advantage update messaging.
[[0;32m  OK  [0m] Started Message of the Day.
cloud-init[956]:          Starting LXD - unix socket.
[[0;32m  OK  [0m] Listening on ACPID Listen Socket.
         Starting Socket activation for snappy daemon.
[[0;32m  OK  [0m] Listening on UUID daemon activation socket.
[[0;32m  OK  [0m] Started Daily apt download activities.
[[0;32m  OK  [0m] Started Daily apt upgrade and clean activities.
|     o +*o.+     |
[[0;32m  OK  [0m] Started ACPI Events Check.
[    9.842133] [[0;32m  OK  [0m] Reached target Paths.
[[0;32m  OK  [0m] Listening on D-Bus System Message Bus Socket.
[[0;32m  OK  [0m] Started Daily Cleanup of Temporary Directories.
[[0;32m  OK  [0m] Reached target Timers.
[[0;32m  OK  [0m] Listening on LXD - unix socket.
[[0;32m  OK  [0m] Listening on Socket activation for snappy daemon.
[[0;32m  OK  [0m] Reached target Sockets.
[[0;32m  OK  [0m] Reached target Basic System.
cloud-init[956]: |      o .+o .    |
[    9.846109] cloud-init[956]: |    .. .So.      |
[    9.846756] [[0;32m  OK  [0m] Started Regular background program processing daemon.
cloud-init         Starting Accounts Service...
         Starting LSB: MD monitoring daemon...
[956]: |   o  .o.+o      |[[0;32m  OK  [0m] Started Deferred execution scheduler.

         Starting Login Service...
[    9.850787] [[0;32m  OK  [0m] Started ACPI event daemon.
cloud-init         Starting Virtualbox guest utils...
         Starting System Logging Service...
[956]:          Starting Pollinate to seed the pseudo random number generator...
         Starting LSB: Record successful boot for GRUB...
         Starting Snap Daemon...
[[0;32m  OK  [0m] Started FUSE filesystem for LXC.
[[0;32m  OK  [0m] Started D-Bus System Message Bus.
|    + o.=+..     |
[    9.861295] cloud-init[956]: |   . = =ooo      |
[    9.868499] cloud-init[956]: |    . ++B+       |
[    9.870914] cloud-init[956]: +----[SHA256]-----+
         Starting /etc/rc.local Compatibility...
         Starting LXD - container startup/shutdown...
[[0;32m  OK  [0m] Started System Logging Service.
[[0;32m  OK  [0m] Started /etc/rc.local Compatibility.
[[0;32m  OK  [0m] Started iSCSI initiator daemon (iscsid).
[[0;32m  OK  [0m] Started Login Service.
[[0;32m  OK  [0m] Started Unattended Upgrades Shutdown.
         Starting Login to default iSCSI targets...
[[0;32m  OK  [0m] Started LSB: MD monitoring daemon.
[[0;32m  OK  [0m] Started LSB: Record successful boot for GRUB.
[[0;32m  OK  [0m] Started Login to default iSCSI targets.
[[0;32m  OK  [0m] Reached target Remote File Systems (Pre).
[[0;32m  OK  [0m] Reached target Remote File Systems.
         Starting Permit User Sessions...
         Starting LSB: automatic crash report generation...
         Starting LSB: Set the CPU Frequency Scaling governor to "ondemand"...
         Starting LSB: daemon to balance interrupts for SMP systems...
[[0;32m  OK  [0m] Started Permit User Sessions.
         Starting Hold until boot process finishes up...
         Starting Terminate Plymouth Boot Screen...
[[0;32m  OK  [0m] Started Hold until boot process finishes up.
[[0;32m  OK  [0m] Started Serial Getty on ttyS0.
         Starting Set console scheme...
[[0;32m  OK  [0m] Started Getty on tty1.
[[0;32m  OK  [0m] Reached target Login Prompts.
[[0;32m  OK  [0m] Started Terminate Plymouth Boot Screen.
[[0;32m  OK  [0m] Started Set console scheme.
[[0;32m  OK  [0m] Started LSB: Set the CPU Frequency Scaling governor to "ondemand".
         Starting Authenticate and Authorize Users to Run Privileged Tasks...
[[0;32m  OK  [0m] Started LSB: daemon to balance interrupts for SMP systems.
[[0;32m  OK  [0m] Started LSB: automatic crash report generation.
[[0;32m  OK  [0m] Started Authenticate and Authorize Users to Run Privileged Tasks.
[[0;32m  OK  [0m] Started Accounts Service.
[[0;32m  OK  [0m] Started Virtualbox guest utils.
[[0;32m  OK  [0m] Started LXD - container startup/shutdown.
[[0;32m  OK  [0m] Started Snap Daemon.
         Starting Wait until snapd is fully seeded...
[[0;32m  OK  [0m] Started Pollinate to seed the pseudo random number generator.
         Starting OpenBSD Secure Shell server...
[[0;32m  OK  [0m] Started OpenBSD Secure Shell server.
[[0;32m  OK  [0m] Created slice User Slice of vagrant.
         Starting User Manager for UID 1000...
[[0;32m  OK  [0m] Started Session 1 of user vagrant.
[[0;32m  OK  [0m] Started User Manager for UID 1000.
[[0;32m  OK  [0m] Started Wait until snapd is fully seeded.
         Starting Apply the settings specified in cloud-config...
[[0;32m  OK  [0m] Reached target Multi-User System.
[[0;32m  OK  [0m] Reached target Graphical Interface.
         Starting Update UTMP about System Runlevel Changes...
[[0;32m  OK  [0m] Started Update UTMP about System Runlevel Changes.
[   13.861320] cloud-init[1394]: Generating locales (this might take a while)...
[   14.342188] cloud-init[1394]:   en_US.UTF-8... done
[   14.342871] cloud-init[1394]: Generation complete.
[   14.518789] cloud-init[1394]: Cloud-init v. 21.1-19-gbad84ad4-0ubuntu1~16.04.2 running 'modules:config' at Tue, 11 Apr 2023 12:51:27 +0000. Up 13.80 seconds.
[[0;32m  OK  [0m] Started Apply the settings specified in cloud-config.
         Starting Execute cloud user/final scripts...
ci-info: no authorized SSH keys fingerprints found for user ubuntu.
<14>Apr 11 12:51:28 ec2: 
<14>Apr 11 12:51:28 ec2: #############################################################
<14>Apr 11 12:51:28 ec2: -----BEGIN SSH HOST KEY FINGERPRINTS-----
<14>Apr 11 12:51:28 ec2: 1024 SHA256:FoYmJRnvES5qa/I1EYRQDWutKM/uICzklMXaMEOyuOA root@ubuntu-xenial (DSA)
<14>Apr 11 12:51:28 ec2: 256 SHA256:AqnQQXP6+eWXAkJQ0t2cO9ViLB/LxLU4WZ6rFVDP4To root@ubuntu-xenial (ECDSA)
<14>Apr 11 12:51:28 ec2: 256 SHA256:ryQLRv7YT5lYEZtPxTXoaDDit2ee4ptrQFHhSYM22X0 root@ubuntu-xenial (ED25519)
<14>Apr 11 12:51:28 ec2: 2048 SHA256:oRhHZq2hcMOC1YCAxzWjE7EGzwsqpRMxRQ7RQi9q7ho root@ubuntu-xenial (RSA)
<14>Apr 11 12:51:28 ec2: -----END SSH HOST KEY FINGERPRINTS-----
<14>Apr 11 12:51:28 ec2: #############################################################
-----BEGIN SSH HOST KEY KEYS-----
ecdsa-sha2-nistp256 AAAAE2VjZHNhLXNoYTItbmlzdHAyNTYAAAAIbmlzdHAyNTYAAABBBEIlMZDnA7FXQgbuwqIDPueB4hwXmYacc5a6GpPM7a8152xwSi2fs6GubOSVI0K1kv2soTzcPOrHjDqEwpIpFAI= root@ubuntu-xenial
ssh-ed25519 AAAAC3NzaC1lZDI1NTE5AAAAIGV4xEk3PDqGpm+7kGsnNBerd3RF8qIas0SOsfAdPQVs root@ubuntu-xenial
ssh-rsa AAAAB3NzaC1yc2EAAAADAQABAAABAQDEoOGhcL98qGea3osJy6LNzIZ0DCkqryAQGOIvoBoNA1nQZcop1oloUN2/TZCaIh6BGC68uipYLUuZ+c/8cJMzRHAeOK6YCGyTxEHe7TNeUkK2v2WtxXyM123rqRwNb9XWwakPVJi7nI1V+KAKa1c6z7RA/qwasNQMgfl/3CaqRoruHqnMk7hs/GNJVWjDtRz4evd4PgTwnP1D1ZpCERV/5PbjCNNgOfAnrkdWzdOkXqaKfuknGT6qZcq/OS2sSu1VQb3+GFcez+gVbF2KimKUH69zRUqIcjpbyzj8SIV6uwlO7g/p0zvXorfArzdhLwPXRvBVHCZpzqF1s6+kRUGP root@ubuntu-xenial
-----END SSH HOST KEY KEYS-----
[   14.834164] cloud-init[1494]: Cloud-init v. 21.1-19-gbad84ad4-0ubuntu1~16.04.2 running 'modules:final' at Tue, 11 Apr 2023 12:51:28 +0000. Up 14.74 seconds.
[   14.835537] cloud-init[1494]: ci-info: no authorized SSH keys fingerprints found for user ubuntu.
[   14.836657] cloud-init[1494]: Cloud-init v. 21.1-19-gbad84ad4-0ubuntu1~16.04.2 finished at Tue, 11 Apr 2023 12:51:28 +0000. Datasource DataSourceNoCloud [seed=/dev/sdb][dsmode=net].  Up 14.83 seconds
[[0;32m  OK  [0m] Started Execute cloud user/final scripts.
[[0;32m  OK  [0m] Reached target Cloud-init target.

Ubuntu 16.04.7 LTS ubuntu-xenial ttyS0

ubuntu-xenial login: [[0;32m  OK  [0m] Stopped target Graphical Interface.
[[0;32m  OK  [0m] Stopped target Cloud-init target.
         Stopping Authenticate and Authorize Users to Run Privileged Tasks...
[[0;32m  OK  [0m] Stopped Execute cloud user/final scripts.
[[0;32m  OK  [0m] Stopped target Multi-User System.
         Stopping FUSE filesystem for LXC...
         Stopping LXD - container startup/shutdown...
         Stopping LSB: automatic crash report generation...
         Stopping A high performance web server and a reverse proxy server...
[[0;32m  OK  [0m] Closed Load/Save RF Kill Switch Status /dev/rfkill Watch.
         Stopping Regular background program processing daemon...
         Stopping Accounts Service...
         Stopping LSB: Record successful boot for GRUB...
         Stopping D-Bus System Message Bus...
         Stopping LSB: Set the CPU Frequency Scaling governor to "ondemand"...
         Stopping Session 3 of user vagrant.
         Stopping Deferred execution scheduler...
         Stopping OpenBSD Secure Shell server...
         Stopping Virtualbox guest utils...
         Stopping LSB: MD monitoring daemon...
         Stopping LSB: daemon to balance interrupts for SMP systems...
         Stopping ACPI event daemon...
         Stopping System Logging Service...
         Stopping User Manager for UID 1000...
[[0;32m  OK  [0m] Stopped target Timers.
[[0;32m  OK  [0m] Stopped Daily Cleanup of Temporary Directories.
[[0;32m  OK  [0m] Stopped Message of the Day.
[[0;32m  OK  [0m] Stopped Daily apt upgrade and clean activities.
[[0;32m  OK  [0m] Stopped Ubuntu Advantage update messaging.
[[0;32m  OK  [0m] Stopped Daily apt download activities.
[[0;32m  OK  [0m] Stopped target System Time Synchronized.
[[0;32m  OK  [0m] Stopped Apply the settings specified in cloud-config.
[[0;32m  OK  [0m] Stopped Wait until snapd is fully seeded.
[[0;32m  OK  [0m] Stopped target Cloud-config availability.
[[0;32m  OK  [0m] Stopped target Login Prompts.
         Stopping Getty on tty1...
         Stopping Serial Getty on ttyS0...
[[0;32m  OK  [0m] Unmounted /var/lib/lxcfs.
[[0;32m  OK  [0m] Stopped Regular background program processing daemon.
[[0;32m  OK  [0m] Stopped Accounts Service.
[[0;32m  OK  [0m] Stopped Deferred execution scheduler.
[[0;32m  OK  [0m] Stopped Getty on tty1.
[[0;32m  OK  [0m] Stopped System Logging Service.
[[0;32m  OK  [0m] Stopped Serial Getty on ttyS0.
[[0;32m  OK  [0m] Stopped Authenticate and Authorize Users to Run Privileged Tasks.
[[0;32m  OK  [0m] Stopped OpenBSD Secure Shell server.
[[0;32m  OK  [0m] Stopped User Manager for UID 1000.
[[0;32m  OK  [0m] Stopped D-Bus System Message Bus.
[[0;32m  OK  [0m] Stopped Session 3 of user vagrant.
[[0;32m  OK  [0m] Stopped FUSE filesystem for LXC.
[[0;32m  OK  [0m] Stopped LXD - container startup/shutdown.
[[0;32m  OK  [0m] Stopped A high performance web server and a reverse proxy server.
[[0;32m  OK  [0m] Stopped LSB: automatic crash report generation.
[[0;32m  OK  [0m] Stopped ACPI event daemon.
[[0;32m  OK  [0m] Stopped LSB: Set the CPU Frequency Scaling governor to "ondemand".
[[0;32m  OK  [0m] Stopped LSB: MD monitoring daemon.
[[0;32m  OK  [0m] Stopped LSB: daemon to balance interrupts for SMP systems.
[[0;32m  OK  [0m] Removed slice User Slice of vagrant.
         Stopping Login Service...
[[0;32m  OK  [0m] Removed slice system-serial\x2dgetty.slice.
[[0;32m  OK  [0m] Stopped /etc/rc.local Compatibility.
[[0;32m  OK  [0m] Removed slice system-getty.slice.
         Stopping Permit User Sessions...
[[0;32m  OK  [0m] Stopped LSB: Record successful boot for GRUB.
[[0;32m  OK  [0m] Stopped Virtualbox guest utils.
[[0;32m  OK  [0m] Stopped Permit User Sessions.
[[0;32m  OK  [0m] Stopped target Remote File Systems.
[[0;32m  OK  [0m] Stopped target Remote File Systems (Pre).
         Stopping Login to default iSCSI targets...
[[0;32m  OK  [0m] Stopped Login to default iSCSI targets.
         Stopping iSCSI initiator daemon (iscsid)...
[[0;32m  OK  [0m] Stopped iSCSI initiator daemon (iscsid).
[[0;32m  OK  [0m] Stopped target Network is Online.
[[0;32m  OK  [0m] Stopped target Network.
[[0;32m  OK  [0m] Stopped Login Service.
[[0;32m  OK  [0m] Stopped target User and Group Name Lookups.
[[0;32m  OK  [0m] Stopped target Basic System.
[[0;32m  OK  [0m] Stopped target Slices.
[[0;32m  OK  [0m] Removed slice User and Session Slice.
[[0;32m  OK  [0m] Stopped target Paths.
[[0;32m  OK  [0m] Stopped Forward Password Requests to Wall Directory Watch.
[[0;32m  OK  [0m] Stopped ACPI Events Check.
[[0;32m  OK  [0m] Stopped Dispatch Password Requests to Console Directory Watch.
[[0;32m  OK  [0m] Stopped target Sockets.
[[0;32m  OK  [0m] Closed UUID daemon activation socket.
[[0;32m  OK  [0m] Closed D-Bus System Message Bus Socket.
[[0;32m  OK  [0m] Closed Syslog Socket.
[[0;32m  OK  [0m] Closed Socket activation for snappy daemon.
[[0;32m  OK  [0m] Closed LXD - unix socket.
[[0;32m  OK  [0m] Closed ACPID Listen Socket.
[[0;32m  OK  [0m] Stopped target System Initialization.
[[0;32m  OK  [0m] Stopped target Swap.
[[0;32m  OK  [0m] Stopped Create Volatile Files and Directories.
[[0;32m  OK  [0m] Stopped Initial cloud-init job (metadata service crawler).
         Stopping Raise network interfaces...
         Stopping Load/Save Random Seed...
[[0;32m  OK  [0m] Stopped Commit a transient machine-id on disk.
[[0;32m  OK  [0m] Stopped target Encrypted Volumes.
[[0;32m  OK  [0m] Stopped Load/Save Random Seed.
[[0;32m  OK  [0m] Stopped Raise network interfaces.
[[0;32m  OK  [0m] Stopped Apply Kernel Variables.
[[0;32m  OK  [0m] Stopped target Network (Pre).
[[0;32m  OK  [0m] Stopped Initial cloud-init job (pre-networking).
[[0;32m  OK  [0m] Stopped Load Kernel Modules.
[[0;32m  OK  [0m] Stopped target Local File Systems.
         Unmounting /run/user/1000...
         Unmounting /vagrant...
[[0;32m  OK  [0m] Unmounted /run/user/1000.
[[0;32m  OK  [0m] Unmounted /vagrant.
[[0;32m  OK  [0m] Reached target Unmount All Filesystems.
[[0;32m  OK  [0m] Stopped target Local File Systems (Pre).
         Stopping Monitoring of LVM2 mirrors... dmeventd or progress polling...
[[0;32m  OK  [0m] Stopped Remount Root and Kernel File Systems.
[[0;32m  OK  [0m] Stopped Create Static Device Nodes in /dev.
[[0;32m  OK  [0m] Reached target Shutdown.
[  326.543468] reboot: Power down
